** Drc report for scramble_hat.kicad_pcb **
** Created on 2026-05-31T00:48:44 **
** Report includes: Errors, Warnings **

** Found 219 DRC violations **
[pth_inside_courtyard]: PTH inside courtyard
    Local override; error
    @(110.6424 mm, 86.2076 mm): PTH pad 1 [PGND] of C19
    @(105.7740 mm, 97.1638 mm): Footprint J2
[pth_inside_courtyard]: PTH inside courtyard
    Local override; error
    @(115.7478 mm, 81.6102 mm): PTH pad 1 [ASDOUT] of J3
    @(114.3924 mm, 86.2076 mm): Footprint C19
[pth_inside_courtyard]: PTH inside courtyard
    Local override; error
    @(118.2878 mm, 81.6102 mm): PTH pad 2 [LRCK] of J3
    @(114.3924 mm, 86.2076 mm): Footprint C19
[clearance]: Clearance violation (zone clearance 0.2000 mm; actual 0.0000 mm)
    Local override; error
    @(109.8958 mm, 88.9246 mm): Via [MIC2P] on F.Cu - B.Cu
    @(79.0700 mm, 79.0000 mm): Zone 'PGND_phantom' [PGND] on In1.Cu, priority 2
[hole_clearance]: Hole clearance violation (board setup constraints hole clearance 0.2500 mm; actual 0.1004 mm)
    Rule: board setup constraints hole; error
    @(109.8958 mm, 88.9246 mm): Via [MIC2P] on F.Cu - B.Cu
    @(79.0700 mm, 79.0000 mm): Zone 'PGND_phantom' [PGND] on In1.Cu, priority 2
[clearance]: Clearance violation (zone clearance 0.2000 mm; actual 0.0000 mm)
    Local override; error
    @(108.4072 mm, 88.6206 mm): Via [PHANTOM_EN] on F.Cu - B.Cu
    @(79.0700 mm, 79.0000 mm): Zone 'PGND_phantom' [PGND] on In1.Cu, priority 2
[hole_clearance]: Hole clearance violation (board setup constraints hole clearance 0.2500 mm; actual 0.0000 mm)
    Rule: board setup constraints hole; error
    @(108.4072 mm, 88.6206 mm): Via [PHANTOM_EN] on F.Cu - B.Cu
    @(79.0700 mm, 79.0000 mm): Zone 'PGND_phantom' [PGND] on In1.Cu, priority 2
[clearance]: Clearance violation (zone clearance 0.2000 mm; actual 0.0174 mm)
    Local override; error
    @(123.1226 mm, 95.7072 mm): Via [AGND] on F.Cu - B.Cu
    @(113.0000 mm, 79.0000 mm): Zone '3V3_plane' [+3V3] on In2.Cu, priority 1
[hole_clearance]: Hole clearance violation (board setup constraints hole clearance 0.2500 mm; actual 0.1674 mm)
    Rule: board setup constraints hole; error
    @(123.1226 mm, 95.7072 mm): Via [AGND] on F.Cu - B.Cu
    @(113.0000 mm, 79.0000 mm): Zone '3V3_plane' [+3V3] on In2.Cu, priority 1
[nonmirrored_text_on_back_layer]: Non-Mirrored text on back layer
    Local override; warning
    @(101.0000 mm, 85.2500 mm): Reference field of OK1
[nonmirrored_text_on_back_layer]: Non-Mirrored text on back layer
    Local override; warning
    @(101.0000 mm, 90.7500 mm): Value field of OK1 (LTV-817S)
[nonmirrored_text_on_back_layer]: Non-Mirrored text on back layer
    Local override; warning
    @(101.0000 mm, 88.0000 mm): Footprint text of OK1 (OK1)
[nonmirrored_text_on_back_layer]: Non-Mirrored text on back layer
    Local override; warning
    @(123.5000 mm, 87.1600 mm): Reference field of C9
[nonmirrored_text_on_back_layer]: Non-Mirrored text on back layer
    Local override; warning
    @(123.5000 mm, 84.8400 mm): Value field of C9 (1uF)
[nonmirrored_text_on_back_layer]: Non-Mirrored text on back layer
    Local override; warning
    @(123.5000 mm, 86.0000 mm): Footprint text of C9 (C9)
[nonmirrored_text_on_back_layer]: Non-Mirrored text on back layer
    Local override; warning
    @(110.0000 mm, 92.2000 mm): Reference field of D2
[nonmirrored_text_on_back_layer]: Non-Mirrored text on back layer
    Local override; warning
    @(110.0000 mm, 95.8000 mm): Value field of D2 (PESD3V3L4UF (ESD))
[nonmirrored_text_on_back_layer]: Non-Mirrored text on back layer
    Local override; warning
    @(110.0000 mm, 94.0000 mm): Footprint text of D2 (D2)
[nonmirrored_text_on_back_layer]: Non-Mirrored text on back layer
    Local override; warning
    @(121.0000 mm, 97.6600 mm): Reference field of C8
[nonmirrored_text_on_back_layer]: Non-Mirrored text on back layer
    Local override; warning
    @(121.0000 mm, 95.3400 mm): Value field of C8 (1uF)
[nonmirrored_text_on_back_layer]: Non-Mirrored text on back layer
    Local override; warning
    @(121.0000 mm, 96.5000 mm): Footprint text of C8 (C8)
[nonmirrored_text_on_back_layer]: Non-Mirrored text on back layer
    Local override; warning
    @(123.5000 mm, 96.1700 mm): Reference field of R3
[nonmirrored_text_on_back_layer]: Non-Mirrored text on back layer
    Local override; warning
    @(123.5000 mm, 93.8300 mm): Value field of R3 (10k (AD0 strap))
[nonmirrored_text_on_back_layer]: Non-Mirrored text on back layer
    Local override; warning
    @(123.5000 mm, 95.0000 mm): Footprint text of R3 (R3)
[nonmirrored_text_on_back_layer]: Non-Mirrored text on back layer
    Local override; warning
    @(123.5000 mm, 95.3300 mm): Reference field of R4
[nonmirrored_text_on_back_layer]: Non-Mirrored text on back layer
    Local override; warning
    @(123.5000 mm, 97.6700 mm): Value field of R4 (10k (AD1 strap))
[nonmirrored_text_on_back_layer]: Non-Mirrored text on back layer
    Local override; warning
    @(123.5000 mm, 96.5000 mm): Footprint text of R4 (R4)
[nonmirrored_text_on_back_layer]: Non-Mirrored text on back layer
    Local override; warning
    @(121.0000 mm, 93.8400 mm): Reference field of C7
[nonmirrored_text_on_back_layer]: Non-Mirrored text on back layer
    Local override; warning
    @(121.0000 mm, 96.1600 mm): Value field of C7 (1uF)
[nonmirrored_text_on_back_layer]: Non-Mirrored text on back layer
    Local override; warning
    @(121.0000 mm, 95.0000 mm): Footprint text of C7 (C7)
[nonmirrored_text_on_back_layer]: Non-Mirrored text on back layer
    Local override; warning
    @(118.5000 mm, 95.3400 mm): Reference field of C5
[nonmirrored_text_on_back_layer]: Non-Mirrored text on back layer
    Local override; warning
    @(118.5000 mm, 97.6600 mm): Value field of C5 (1uF)
[nonmirrored_text_on_back_layer]: Non-Mirrored text on back layer
    Local override; warning
    @(118.5000 mm, 96.5000 mm): Footprint text of C5 (C5)
[nonmirrored_text_on_back_layer]: Non-Mirrored text on back layer
    Local override; warning
    @(97.5000 mm, 82.8500 mm): Reference field of R6
[nonmirrored_text_on_back_layer]: Non-Mirrored text on back layer
    Local override; warning
    @(97.5000 mm, 86.1500 mm): Value field of R6 (6.81k 1%)
[nonmirrored_text_on_back_layer]: Non-Mirrored text on back layer
    Local override; warning
    @(97.5000 mm, 84.5000 mm): Footprint text of R6 (R6)
[nonmirrored_text_on_back_layer]: Non-Mirrored text on back layer
    Local override; warning
    @(114.0000 mm, 86.0000 mm): Reference field of D7
[nonmirrored_text_on_back_layer]: Non-Mirrored text on back layer
    Local override; warning
    @(114.0000 mm, 90.1000 mm): Value field of D7 (MMSZ4699 (Zener 12V))
[nonmirrored_text_on_back_layer]: Non-Mirrored text on back layer
    Local override; warning
    @(114.0000 mm, 86.0000 mm): Footprint text of D7 (D7)
[nonmirrored_text_on_back_layer]: Non-Mirrored text on back layer
    Local override; warning
    @(118.5000 mm, 83.3400 mm): Reference field of C1
[nonmirrored_text_on_back_layer]: Non-Mirrored text on back layer
    Local override; warning
    @(118.5000 mm, 85.6600 mm): Value field of C1 (100nF)
[nonmirrored_text_on_back_layer]: Non-Mirrored text on back layer
    Local override; warning
    @(118.5000 mm, 84.5000 mm): Footprint text of C1 (C1)
[nonmirrored_text_on_back_layer]: Non-Mirrored text on back layer
    Local override; warning
    @(116.5000 mm, 94.8300 mm): Reference field of R7
[nonmirrored_text_on_back_layer]: Non-Mirrored text on back layer
    Local override; warning
    @(116.5000 mm, 97.1700 mm): Value field of R7 (2.2k (mic bias))
[nonmirrored_text_on_back_layer]: Non-Mirrored text on back layer
    Local override; warning
    @(116.5000 mm, 96.0000 mm): Footprint text of R7 (R7)
[nonmirrored_text_on_back_layer]: Non-Mirrored text on back layer
    Local override; warning
    @(129.5380 mm, 102.6684 mm): Reference field of R1
[nonmirrored_text_on_back_layer]: Non-Mirrored text on back layer
    Local override; warning
    @(129.5380 mm, 100.3284 mm): Value field of R1 (10k)
[nonmirrored_text_on_back_layer]: Non-Mirrored text on back layer
    Local override; warning
    @(129.5380 mm, 101.4984 mm): Footprint text of R1 (R1)
[nonmirrored_text_on_back_layer]: Non-Mirrored text on back layer
    Local override; warning
    @(123.6980 mm, 101.4222 mm): Reference field of R2
[nonmirrored_text_on_back_layer]: Non-Mirrored text on back layer
    Local override; warning
    @(125.8590 mm, 100.3284 mm): Value field of R2 (10k)
[nonmirrored_text_on_back_layer]: Non-Mirrored text on back layer
    Local override; warning
    @(125.8590 mm, 101.4984 mm): Footprint text of R2 (R2)
[nonmirrored_text_on_back_layer]: Non-Mirrored text on back layer
    Local override; warning
    @(111.0000 mm, 94.8400 mm): Reference field of C13
[nonmirrored_text_on_back_layer]: Non-Mirrored text on back layer
    Local override; warning
    @(111.0000 mm, 97.1600 mm): Value field of C13 (1uF (bias filter))
[nonmirrored_text_on_back_layer]: Non-Mirrored text on back layer
    Local override; warning
    @(111.0000 mm, 96.0000 mm): Footprint text of C13 (C13)
[nonmirrored_text_on_back_layer]: Non-Mirrored text on back layer
    Local override; warning
    @(85.8266 mm, 82.5246 mm): Reference field of C17
[nonmirrored_text_on_back_layer]: Non-Mirrored text on back layer
    Local override; warning
    @(88.0364 mm, 82.5028 mm): Value field of C17 (100nF/100V)
[nonmirrored_text_on_back_layer]: Non-Mirrored text on back layer
    Local override; warning
    @(88.0364 mm, 80.8228 mm): Footprint text of C17 (C17)
[nonmirrored_text_on_back_layer]: Non-Mirrored text on back layer
    Local override; warning
    @(109.0000 mm, 82.1500 mm): Reference field of C18
[nonmirrored_text_on_back_layer]: Non-Mirrored text on back layer
    Local override; warning
    @(109.0000 mm, 85.8500 mm): Value field of C18 (1uF/100V)
[nonmirrored_text_on_back_layer]: Non-Mirrored text on back layer
    Local override; warning
    @(109.0000 mm, 84.0000 mm): Footprint text of C18 (C18)
[nonmirrored_text_on_back_layer]: Non-Mirrored text on back layer
    Local override; warning
    @(121.0000 mm, 87.4300 mm): Reference field of FB1
[nonmirrored_text_on_back_layer]: Non-Mirrored text on back layer
    Local override; warning
    @(121.0000 mm, 84.5700 mm): Value field of FB1 (600R@100MHz)
[nonmirrored_text_on_back_layer]: Non-Mirrored text on back layer
    Local override; warning
    @(121.0000 mm, 86.0000 mm): Footprint text of FB1 (FB1)
[nonmirrored_text_on_back_layer]: Non-Mirrored text on back layer
    Local override; warning
    @(101.0000 mm, 82.8200 mm): Reference field of C11
[nonmirrored_text_on_back_layer]: Non-Mirrored text on back layer
    Local override; warning
    @(101.0000 mm, 86.1800 mm): Value field of C11 (1uF)
[nonmirrored_text_on_back_layer]: Non-Mirrored text on back layer
    Local override; warning
    @(101.0000 mm, 84.5000 mm): Footprint text of C11 (C11)
[nonmirrored_text_on_back_layer]: Non-Mirrored text on back layer
    Local override; warning
    @(105.8400 mm, 96.0000 mm): Reference field of C12
[nonmirrored_text_on_back_layer]: Non-Mirrored text on back layer
    Local override; warning
    @(108.1600 mm, 96.0000 mm): Value field of C12 (1uF)
[nonmirrored_text_on_back_layer]: Non-Mirrored text on back layer
    Local override; warning
    @(107.0000 mm, 96.0000 mm): Footprint text of C12 (C12)
[nonmirrored_text_on_back_layer]: Non-Mirrored text on back layer
    Local override; warning
    @(121.0000 mm, 86.3200 mm): Reference field of C6
[nonmirrored_text_on_back_layer]: Non-Mirrored text on back layer
    Local override; warning
    @(121.0000 mm, 89.6800 mm): Value field of C6 (10uF)
[nonmirrored_text_on_back_layer]: Non-Mirrored text on back layer
    Local override; warning
    @(121.0000 mm, 88.0000 mm): Footprint text of C6 (C6)
[nonmirrored_text_on_back_layer]: Non-Mirrored text on back layer
    Local override; warning
    @(118.5000 mm, 93.8400 mm): Reference field of C4
[nonmirrored_text_on_back_layer]: Non-Mirrored text on back layer
    Local override; warning
    @(118.5000 mm, 96.1600 mm): Value field of C4 (100nF)
[nonmirrored_text_on_back_layer]: Non-Mirrored text on back layer
    Local override; warning
    @(118.5000 mm, 95.0000 mm): Footprint text of C4 (C4)
[nonmirrored_text_on_back_layer]: Non-Mirrored text on back layer
    Local override; warning
    @(105.0000 mm, 81.6000 mm): Reference field of Q1
[nonmirrored_text_on_back_layer]: Non-Mirrored text on back layer
    Local override; warning
    @(105.0000 mm, 86.4000 mm): Value field of Q1 (DMP3098 (P-FET 60V))
[nonmirrored_text_on_back_layer]: Non-Mirrored text on back layer
    Local override; warning
    @(105.0000 mm, 84.0000 mm): Footprint text of Q1 (Q1)
[nonmirrored_text_on_back_layer]: Non-Mirrored text on back layer
    Local override; warning
    @(101.0000 mm, 94.8200 mm): Reference field of C10
[nonmirrored_text_on_back_layer]: Non-Mirrored text on back layer
    Local override; warning
    @(101.0000 mm, 98.1800 mm): Value field of C10 (1uF)
[nonmirrored_text_on_back_layer]: Non-Mirrored text on back layer
    Local override; warning
    @(101.0000 mm, 96.5000 mm): Footprint text of C10 (C10)
[nonmirrored_text_on_back_layer]: Non-Mirrored text on back layer
    Local override; warning
    @(116.2800 mm, 89.6200 mm): Reference field of U1
[nonmirrored_text_on_back_layer]: Non-Mirrored text on back layer
    Local override; warning
    @(116.2800 mm, 95.2800 mm): Value field of U1 (ES8389)
[nonmirrored_text_on_back_layer]: Non-Mirrored text on back layer
    Local override; warning
    @(116.2800 mm, 92.4500 mm): Footprint text of U1 (U1)
[nonmirrored_text_on_back_layer]: Non-Mirrored text on back layer
    Local override; warning
    @(118.5000 mm, 86.8400 mm): Reference field of C2
[nonmirrored_text_on_back_layer]: Non-Mirrored text on back layer
    Local override; warning
    @(118.5000 mm, 89.1600 mm): Value field of C2 (1uF)
[nonmirrored_text_on_back_layer]: Non-Mirrored text on back layer
    Local override; warning
    @(118.5000 mm, 88.0000 mm): Footprint text of C2 (C2)
[nonmirrored_text_on_back_layer]: Non-Mirrored text on back layer
    Local override; warning
    @(118.5000 mm, 87.8400 mm): Reference field of C3
[nonmirrored_text_on_back_layer]: Non-Mirrored text on back layer
    Local override; warning
    @(118.5000 mm, 90.1600 mm): Value field of C3 (100nF)
[nonmirrored_text_on_back_layer]: Non-Mirrored text on back layer
    Local override; warning
    @(118.5000 mm, 89.0000 mm): Footprint text of C3 (C3)
[nonmirrored_text_on_back_layer]: Non-Mirrored text on back layer
    Local override; warning
    @(97.5000 mm, 94.8500 mm): Reference field of R5
[nonmirrored_text_on_back_layer]: Non-Mirrored text on back layer
    Local override; warning
    @(97.5000 mm, 98.1500 mm): Value field of R5 (6.81k 1%)
[nonmirrored_text_on_back_layer]: Non-Mirrored text on back layer
    Local override; warning
    @(97.5000 mm, 96.5000 mm): Footprint text of R5 (R5)
[nonmirrored_text_on_back_layer]: Non-Mirrored text on back layer
    Local override; warning
    @(86.5270 mm, 89.9856 mm): Reference field of D6
[nonmirrored_text_on_back_layer]: Non-Mirrored text on back layer
    Local override; warning
    @(91.6270 mm, 89.9856 mm): Value field of D6 (SMBJ58CA (TVS 58V))
[nonmirrored_text_on_back_layer]: Non-Mirrored text on back layer
    Local override; warning
    @(86.5270 mm, 89.9856 mm): Footprint text of D6 (D6)
[nonmirrored_text_on_back_layer]: Non-Mirrored text on back layer
    Local override; warning
    @(113.0000 mm, 94.8400 mm): Reference field of C20
[nonmirrored_text_on_back_layer]: Non-Mirrored text on back layer
    Local override; warning
    @(113.0000 mm, 97.1600 mm): Value field of C20 (1uF)
[nonmirrored_text_on_back_layer]: Non-Mirrored text on back layer
    Local override; warning
    @(113.0000 mm, 96.0000 mm): Footprint text of C20 (C20)
[silk_overlap]: Silkscreen clearance
    Rule: board setup constraints silk; warning
    @(110.3095 mm, 95.2350 mm): Segment of C14 on F.Silkscreen
    @(110.5708 mm, 94.8200 mm): Reference field of C15
[silk_overlap]: Silkscreen clearance
    Rule: board setup constraints silk; warning
    @(112.5708 mm, 95.3300 mm): Reference field of R10
    @(110.5708 mm, 94.8200 mm): Reference field of C15
[silk_overlap]: Silkscreen clearance
    Rule: board setup constraints silk; warning
    @(114.3924 mm, 86.2076 mm): Circle of C19 on F.Silkscreen
    @(112.9778 mm, 81.6102 mm): Reference field of J3
[silk_overlap]: Silkscreen clearance
    Rule: board setup constraints silk; warning
    @(114.3924 mm, 86.2076 mm): Circle of C19 on F.Silkscreen
    @(114.4178 mm, 81.6102 mm): Segment of J3 on F.Silkscreen
[silk_overlap]: Silkscreen clearance
    Rule: board setup constraints silk; warning
    @(114.3924 mm, 86.2076 mm): Circle of C19 on F.Silkscreen
    @(117.0178 mm, 82.9402 mm): Segment of J3 on F.Silkscreen
[silk_overlap]: Silkscreen clearance
    Rule: board setup constraints silk; warning
    @(114.3924 mm, 86.2076 mm): Circle of C19 on F.Silkscreen
    @(117.0178 mm, 82.9402 mm): Segment of J3 on F.Silkscreen
[silk_overlap]: Silkscreen clearance
    Rule: board setup constraints silk; warning
    @(112.5708 mm, 93.3300 mm): Reference field of R9
    @(110.5708 mm, 92.8200 mm): Reference field of C14
[silk_overlap]: Silkscreen clearance
    Rule: board setup constraints silk; warning
    @(112.4172 mm, 94.8800 mm): Segment of R9 on F.Silkscreen
    @(112.5708 mm, 95.3300 mm): Reference field of R10
[silk_overlap]: Silkscreen clearance
    Rule: board setup constraints silk; warning
    @(105.6137 mm, 85.7100 mm): Segment of F1 on F.Silkscreen
    @(106.8200 mm, 85.9100 mm): Polygon of D1 on F.Silkscreen
[silk_overlap]: Silkscreen clearance
    Rule: board setup constraints silk; warning
    @(102.6740 mm, 97.4638 mm): Segment of J2 on F.Silkscreen
    @(101.4750 mm, 92.6322 mm): Reference field of R13
[silk_over_copper]: Silkscreen clipped by solder mask
    Local override; warning
    @(110.5708 mm, 94.8200 mm): Reference field of C15
    @(109.6208 mm, 94.5000 mm): Pad 1 [HP_L_OUT] of C14 on F.Cu
[silk_over_copper]: Silkscreen clipped by solder mask
    Local override; warning
    @(110.5708 mm, 94.8200 mm): Reference field of C15
    @(111.5208 mm, 94.5000 mm): Pad 2 [HP_L] of C14 on F.Cu
[silk_over_copper]: Silkscreen clipped by solder mask
    Local override; warning
    @(110.5708 mm, 94.8200 mm): Reference field of C15
    @(112.0608 mm, 94.5000 mm): Pad 1 [HP_L] of R9 on F.Cu
[silk_over_copper]: Silkscreen clipped by solder mask
    Local override; warning
    @(114.3924 mm, 86.2076 mm): Circle of C19 on F.Silkscreen
    @(109.1375 mm, 84.0000 mm): Pad 2 [V_FILT] of F1 on F.Cu
[silk_over_copper]: Silkscreen clipped by solder mask
    Local override; warning
    @(114.3924 mm, 86.2076 mm): Circle of C19 on F.Silkscreen
    @(115.7478 mm, 81.6102 mm): PTH pad 1 [ASDOUT] of J3
[silk_over_copper]: Silkscreen clipped by solder mask
    Local override; warning
    @(114.3924 mm, 86.2076 mm): Circle of C19 on F.Silkscreen
    @(118.2878 mm, 81.6102 mm): PTH pad 2 [LRCK] of J3
[silk_over_copper]: Silkscreen clipped by solder mask
    Local override; warning
    @(114.3924 mm, 86.2076 mm): Circle of C19 on F.Silkscreen
    @(108.8375 mm, 87.6500 mm): Pad 4 [<no net>] of D1 on F.Cu
[silk_over_copper]: Silkscreen clipped by solder mask
    Local override; warning
    @(114.3924 mm, 86.2076 mm): Circle of C19 on F.Silkscreen
    @(108.8375 mm, 86.3500 mm): Pad 5 [<no net>] of D1 on F.Cu
[silk_over_copper]: Silkscreen clipped by solder mask
    Local override; warning
    @(114.3924 mm, 86.2076 mm): Circle of C19 on F.Silkscreen
    @(109.4740 mm, 91.3638 mm): Pad T [HP_L_OUT] of J2 on F.Cu
[silk_over_copper]: Silkscreen clipped by solder mask
    Local override; warning
    @(110.5708 mm, 92.8200 mm): Reference field of C14
    @(109.4740 mm, 91.3638 mm): Pad T [HP_L_OUT] of J2 on F.Cu
[silk_over_copper]: Silkscreen clipped by solder mask
    Local override; warning
    @(112.5708 mm, 93.3300 mm): Reference field of R9
    @(111.5208 mm, 94.5000 mm): Pad 2 [HP_L] of C14 on F.Cu
[silk_over_copper]: Silkscreen clipped by solder mask
    Local override; warning
    @(112.5708 mm, 95.3300 mm): Reference field of R10
    @(111.5208 mm, 96.5000 mm): Pad 2 [HP_R] of C15 on F.Cu
[silk_over_copper]: Silkscreen clipped by solder mask
    Local override; warning
    @(112.5708 mm, 95.3300 mm): Reference field of R10
    @(111.5208 mm, 94.5000 mm): Pad 2 [HP_L] of C14 on F.Cu
[silk_over_copper]: Silkscreen clipped by solder mask
    Local override; warning
    @(112.5708 mm, 95.3300 mm): Reference field of R10
    @(112.0608 mm, 94.5000 mm): Pad 1 [HP_L] of R9 on F.Cu
[silk_over_copper]: Silkscreen clipped by solder mask
    Local override; warning
    @(128.5000 mm, 93.8300 mm): Reference field of R15
    @(126.9375 mm, 95.0000 mm): Pad 2 [unconnected-(D8-A-Pad2)] of D8 on F.Cu
[silk_overlap]: Silkscreen clearance
    Rule: board setup constraints silk; warning
    @(116.2800 mm, 89.6200 mm): Reference field of U1
    @(111.6400 mm, 89.0000 mm): Segment of D7 on B.Silkscreen
[silk_overlap]: Silkscreen clearance
    Rule: board setup constraints silk; warning
    @(118.5000 mm, 87.8400 mm): Reference field of C3
    @(118.5000 mm, 86.8400 mm): Reference field of C2
[silk_overlap]: Silkscreen clearance
    Rule: board setup constraints silk; warning
    @(123.5000 mm, 95.3300 mm): Reference field of R4
    @(123.5000 mm, 96.1700 mm): Reference field of R3
[silk_overlap]: Silkscreen clearance
    Rule: board setup constraints silk; warning
    @(123.5000 mm, 95.3300 mm): Reference field of R4
    @(123.6536 mm, 95.3800 mm): Segment of R3 on B.Silkscreen
[silk_overlap]: Silkscreen clearance
    Rule: board setup constraints silk; warning
    @(123.3464 mm, 96.1200 mm): Segment of R4 on B.Silkscreen
    @(123.5000 mm, 96.1700 mm): Reference field of R3
[silk_overlap]: Silkscreen clearance
    Rule: board setup constraints silk; warning
    @(120.7387 mm, 87.2650 mm): Segment of C6 on B.Silkscreen
    @(121.0000 mm, 87.4300 mm): Reference field of FB1
[silk_overlap]: Silkscreen clearance
    Rule: board setup constraints silk; warning
    @(121.0000 mm, 87.4300 mm): Reference field of FB1
    @(121.0000 mm, 86.3200 mm): Reference field of C6
[silk_overlap]: Silkscreen clearance
    Rule: board setup constraints silk; warning
    @(121.1628 mm, 86.5100 mm): Segment of FB1 on B.Silkscreen
    @(121.0000 mm, 86.3200 mm): Reference field of C6
[silk_overlap]: Silkscreen clearance
    Rule: board setup constraints silk; warning
    @(101.0000 mm, 85.2500 mm): Reference field of OK1
    @(100.7387 mm, 85.2350 mm): Segment of C11 on B.Silkscreen
[silk_overlap]: Silkscreen clearance
    Rule: board setup constraints silk; warning
    @(87.3770 mm, 93.4956 mm): Segment of D6 on B.Silkscreen
    @(86.5270 mm, 89.9856 mm): Reference field of D6
[silk_overlap]: Silkscreen clearance
    Rule: board setup constraints silk; warning
    @(118.5000 mm, 93.8400 mm): Reference field of C4
    @(117.8900 mm, 93.8100 mm): Segment of U1 on B.Silkscreen
[silk_overlap]: Silkscreen clearance
    Rule: board setup constraints silk; warning
    @(117.8900 mm, 94.0600 mm): Segment of U1 on B.Silkscreen
    @(118.5000 mm, 93.8400 mm): Reference field of C4
[silk_overlap]: Silkscreen clearance
    Rule: board setup constraints silk; warning
    @(113.0000 mm, 94.8400 mm): Reference field of C20
    @(111.0000 mm, 94.8400 mm): Reference field of C13
[silk_overlap]: Silkscreen clearance
    Rule: board setup constraints silk; warning
    @(111.0000 mm, 94.8400 mm): Reference field of C13
    @(110.7350 mm, 95.1100 mm): Segment of D2 on B.Silkscreen
[silk_over_copper]: Silkscreen clipped by solder mask
    Local override; warning
    @(118.5000 mm, 86.8400 mm): Reference field of C2
    @(118.1424 mm, 86.2076 mm): PTH pad 2 [AGND] of C19
[silk_over_copper]: Silkscreen clipped by solder mask
    Local override; warning
    @(118.5000 mm, 87.8400 mm): Reference field of C3
    @(118.0200 mm, 88.0000 mm): Pad 1 [+3V3] of C2 on B.Cu
[silk_over_copper]: Silkscreen clipped by solder mask
    Local override; warning
    @(118.5000 mm, 87.8400 mm): Reference field of C3
    @(118.9800 mm, 88.0000 mm): Pad 2 [AGND] of C2 on B.Cu
[silk_over_copper]: Silkscreen clipped by solder mask
    Local override; warning
    @(123.5000 mm, 95.3300 mm): Reference field of R4
    @(122.9900 mm, 95.0000 mm): Pad 2 [AGND] of R3 on B.Cu
[silk_over_copper]: Silkscreen clipped by solder mask
    Local override; warning
    @(123.5000 mm, 95.3300 mm): Reference field of R4
    @(124.0100 mm, 95.0000 mm): Pad 1 [AD0] of R3 on B.Cu
[silk_over_copper]: Silkscreen clipped by solder mask
    Local override; warning
    @(123.5000 mm, 96.1700 mm): Reference field of R3
    @(122.9900 mm, 96.5000 mm): Pad 1 [AD1] of R4 on B.Cu
[silk_over_copper]: Silkscreen clipped by solder mask
    Local override; warning
    @(123.5000 mm, 96.1700 mm): Reference field of R3
    @(124.0100 mm, 96.5000 mm): Pad 2 [AGND] of R4 on B.Cu
[silk_over_copper]: Silkscreen clipped by solder mask
    Local override; warning
    @(118.5000 mm, 95.3400 mm): Reference field of C5
    @(118.9800 mm, 95.0000 mm): Pad 2 [AGND] of C4 on B.Cu
[silk_over_copper]: Silkscreen clipped by solder mask
    Local override; warning
    @(121.0000 mm, 87.4300 mm): Reference field of FB1
    @(121.9500 mm, 88.0000 mm): Pad 2 [AGND] of C6 on B.Cu
[silk_over_copper]: Silkscreen clipped by solder mask
    Local override; warning
    @(121.0000 mm, 87.4300 mm): Reference field of FB1
    @(120.0500 mm, 88.0000 mm): Pad 1 [AVDD] of C6 on B.Cu
[silk_over_copper]: Silkscreen clipped by solder mask
    Local override; warning
    @(121.0000 mm, 86.3200 mm): Reference field of C6
    @(120.2125 mm, 86.0000 mm): Pad 2 [AVDD] of FB1 on B.Cu
[silk_over_copper]: Silkscreen clipped by solder mask
    Local override; warning
    @(121.0000 mm, 86.3200 mm): Reference field of C6
    @(121.7875 mm, 86.0000 mm): Pad 1 [+3V3] of FB1 on B.Cu
[silk_over_copper]: Silkscreen clipped by solder mask
    Local override; warning
    @(101.0000 mm, 85.2500 mm): Reference field of OK1
    @(100.0500 mm, 84.5000 mm): Pad 1 [XLR3_COLD] of C11 on B.Cu
[silk_over_copper]: Silkscreen clipped by solder mask
    Local override; warning
    @(101.0000 mm, 85.2500 mm): Reference field of OK1
    @(101.9500 mm, 84.5000 mm): Pad 2 [MIC1N] of C11 on B.Cu
[silk_over_copper]: Silkscreen clipped by solder mask
    Local override; warning
    @(101.0000 mm, 82.8200 mm): Reference field of C11
    @(99.5640 mm, 81.5328 mm): PTH pad T [unconnected-(J1-JACK_T-PadT)] of J1
[silk_over_copper]: Silkscreen clipped by solder mask
    Local override; warning
    @(86.5270 mm, 89.9856 mm): Reference field of D6
    @(85.6640 mm, 90.7328 mm): PTH pad G [PGND] of J1
[silk_over_copper]: Silkscreen clipped by solder mask
    Local override; warning
    @(118.5000 mm, 95.3400 mm): Reference field of C5
    @(118.0200 mm, 95.0000 mm): Pad 1 [+3V3] of C4 on B.Cu
[silk_over_copper]: Silkscreen clipped by solder mask
    Local override; warning
    @(116.5000 mm, 94.8300 mm): Reference field of R7
    @(115.6800 mm, 93.9500 mm): Pad 8 [MCLK] of U1 on B.Cu
[silk_over_copper]: Silkscreen clipped by solder mask
    Local override; warning
    @(116.5000 mm, 94.8300 mm): Reference field of R7
    @(116.8800 mm, 93.9500 mm): Pad 11 [AD1] of U1 on B.Cu
[silk_over_copper]: Silkscreen clipped by solder mask
    Local override; warning
    @(116.5000 mm, 94.8300 mm): Reference field of R7
    @(117.2800 mm, 93.9500 mm): Pad 12 [ROUTP] of U1 on B.Cu
[silk_over_copper]: Silkscreen clipped by solder mask
    Local override; warning
    @(118.5000 mm, 93.8400 mm): Reference field of C4
    @(117.7800 mm, 93.4500 mm): Pad 13 [ROUTN] of U1 on B.Cu
[silk_over_copper]: Silkscreen clipped by solder mask
    Local override; warning
    @(116.5000 mm, 94.8300 mm): Reference field of R7
    @(116.0800 mm, 93.9500 mm): Pad 9 [SCL] of U1 on B.Cu
[silk_over_copper]: Silkscreen clipped by solder mask
    Local override; warning
    @(111.0000 mm, 94.8400 mm): Reference field of C13
    @(109.1625 mm, 94.6500 mm): Pad 3 [<no net>] of D2 on B.Cu
[silk_over_copper]: Silkscreen clipped by solder mask
    Local override; warning
    @(111.0000 mm, 94.8400 mm): Reference field of C13
    @(110.8375 mm, 94.6500 mm): Pad 4 [<no net>] of D2 on B.Cu
[text_height]: Text height out of range (board setup constraints silk text height min height 0.8000 mm; actual 0.6000 mm)
    Rule: board setup constraints silk text height; warning
    @(110.6424 mm, 83.2076 mm): Footprint text of C19 (1)
[lib_footprint_issues]: The current configuration does not include the footprint library 'Fuse'
    Local override; warning
    @(107.0000 mm, 84.0000 mm): Footprint F1
[lib_footprint_issues]: The current configuration does not include the footprint library 'Package_TO_SOT_SMD'
    Local override; warning
    @(108.0000 mm, 87.0000 mm): Footprint D1
[lib_footprint_issues]: The current configuration does not include the footprint library 'Resistor_SMD'
    Local override; warning
    @(128.5000 mm, 95.0000 mm): Footprint R15
[lib_footprint_issues]: The current configuration does not include the footprint library 'Capacitor_SMD'
    Local override; warning
    @(110.5708 mm, 94.5000 mm): Footprint C14
[lib_footprint_issues]: The current configuration does not include the footprint library 'Resistor_SMD'
    Local override; warning
    @(112.5708 mm, 96.5000 mm): Footprint R10
[lib_footprint_issues]: The current configuration does not include the footprint library 'Connector_Audio'
    Local override; warning
    @(105.7740 mm, 97.1638 mm): Footprint J2
[lib_footprint_issues]: The current configuration does not include the footprint library 'Connector_PinSocket_2.54mm'
    Local override; warning
    @(115.7478 mm, 81.6102 mm): Footprint J3
[lib_footprint_issues]: The current configuration does not include the footprint library 'Capacitor_SMD'
    Local override; warning
    @(110.5708 mm, 96.5000 mm): Footprint C15
[lib_footprint_issues]: The current configuration does not include the footprint library 'Resistor_SMD'
    Local override; warning
    @(101.4750 mm, 93.8022 mm): Footprint R13
[lib_footprint_issues]: The current configuration does not include the footprint library 'Connector_PinSocket_2.54mm'
    Local override; warning
    @(115.7478 mm, 99.4102 mm): Footprint J4
[lib_footprint_issues]: The current configuration does not include the footprint library 'Connector_PinHeader_2.54mm'
    Local override; warning
    @(127.8382 mm, 90.0176 mm): Footprint J5
[lib_footprint_issues]: The current configuration does not include the footprint library 'LED_SMD'
    Local override; warning
    @(126.0000 mm, 95.0000 mm): Footprint D8
[lib_footprint_issues]: The current configuration does not include the footprint library 'Resistor_SMD'
    Local override; warning
    @(104.0130 mm, 80.5180 mm): Footprint R11
[lib_footprint_issues]: The current configuration does not include the footprint library 'Resistor_SMD'
    Local override; warning
    @(113.9952 mm, 88.1126 mm): Footprint R14
[lib_footprint_issues]: The current configuration does not include the footprint library 'Capacitor_SMD'
    Local override; warning
    @(101.1682 mm, 85.1408 mm): Footprint C16
[lib_footprint_issues]: The current configuration does not include the footprint library 'Connector_Audio'
    Local override; warning
    @(92.9640 mm, 96.8328 mm): Footprint J1
[lib_footprint_issues]: The current configuration does not include the footprint library 'Resistor_SMD'
    Local override; warning
    @(112.5708 mm, 94.5000 mm): Footprint R9
[lib_footprint_issues]: The current configuration does not include the footprint library 'Package_SO'
    Local override; warning
    @(101.0000 mm, 88.0000 mm): Footprint OK1
[lib_footprint_issues]: The current configuration does not include the footprint library 'Capacitor_SMD'
    Local override; warning
    @(123.5000 mm, 86.0000 mm): Footprint C9
[lib_footprint_issues]: The current configuration does not include the footprint library 'Package_TO_SOT_SMD'
    Local override; warning
    @(110.0000 mm, 94.0000 mm): Footprint D2
[lib_footprint_issues]: The current configuration does not include the footprint library 'Capacitor_SMD'
    Local override; warning
    @(121.0000 mm, 96.5000 mm): Footprint C8
[lib_footprint_issues]: The current configuration does not include the footprint library 'Resistor_SMD'
    Local override; warning
    @(108.0000 mm, 89.0000 mm): Footprint R12
[lib_footprint_issues]: The current configuration does not include the footprint library 'Resistor_SMD'
    Local override; warning
    @(123.5000 mm, 95.0000 mm): Footprint R3
[lib_footprint_issues]: The current configuration does not include the footprint library 'Resistor_SMD'
    Local override; warning
    @(123.5000 mm, 96.5000 mm): Footprint R4
[lib_footprint_issues]: The current configuration does not include the footprint library 'Capacitor_SMD'
    Local override; warning
    @(121.0000 mm, 95.0000 mm): Footprint C7
[lib_footprint_issues]: The current configuration does not include the footprint library 'Capacitor_SMD'
    Local override; warning
    @(118.5000 mm, 96.5000 mm): Footprint C5
[lib_footprint_issues]: The current configuration does not include the footprint library 'Resistor_SMD'
    Local override; warning
    @(97.5000 mm, 84.5000 mm): Footprint R6
[lib_footprint_issues]: The current configuration does not include the footprint library 'Diode_SMD'
    Local override; warning
    @(114.0000 mm, 88.0000 mm): Footprint D7
[lib_footprint_issues]: The current configuration does not include the footprint library 'Capacitor_SMD'
    Local override; warning
    @(118.5000 mm, 84.5000 mm): Footprint C1
[lib_footprint_issues]: The current configuration does not include the footprint library 'Resistor_SMD'
    Local override; warning
    @(116.5000 mm, 96.0000 mm): Footprint R7
[lib_footprint_issues]: The current configuration does not include the footprint library 'Resistor_SMD'
    Local override; warning
    @(129.5380 mm, 101.4984 mm): Footprint R1
[lib_footprint_issues]: The current configuration does not include the footprint library 'Resistor_SMD'
    Local override; warning
    @(125.8590 mm, 101.4984 mm): Footprint R2
[lib_footprint_issues]: The current configuration does not include the footprint library 'Capacitor_SMD'
    Local override; warning
    @(111.0000 mm, 96.0000 mm): Footprint C13
[lib_footprint_issues]: The current configuration does not include the footprint library 'Capacitor_SMD'
    Local override; warning
    @(88.0364 mm, 80.8228 mm): Footprint C17
[lib_footprint_issues]: The current configuration does not include the footprint library 'Capacitor_SMD'
    Local override; warning
    @(109.0000 mm, 84.0000 mm): Footprint C18
[lib_footprint_issues]: The current configuration does not include the footprint library 'Inductor_SMD'
    Local override; warning
    @(121.0000 mm, 86.0000 mm): Footprint FB1
[lib_footprint_issues]: The current configuration does not include the footprint library 'Capacitor_SMD'
    Local override; warning
    @(101.0000 mm, 84.5000 mm): Footprint C11
[lib_footprint_issues]: The current configuration does not include the footprint library 'Capacitor_SMD'
    Local override; warning
    @(107.0000 mm, 96.0000 mm): Footprint C12
[lib_footprint_issues]: The current configuration does not include the footprint library 'Capacitor_SMD'
    Local override; warning
    @(121.0000 mm, 88.0000 mm): Footprint C6
[lib_footprint_issues]: The current configuration does not include the footprint library 'Capacitor_SMD'
    Local override; warning
    @(118.5000 mm, 95.0000 mm): Footprint C4
[lib_footprint_issues]: The current configuration does not include the footprint library 'Package_TO_SOT_SMD'
    Local override; warning
    @(105.0000 mm, 84.0000 mm): Footprint Q1
[lib_footprint_issues]: The current configuration does not include the footprint library 'Capacitor_SMD'
    Local override; warning
    @(101.0000 mm, 96.5000 mm): Footprint C10
[lib_footprint_issues]: The current configuration does not include the footprint library 'Package_DFN_QFN'
    Local override; warning
    @(116.2800 mm, 92.4500 mm): Footprint U1
[lib_footprint_issues]: The current configuration does not include the footprint library 'Capacitor_SMD'
    Local override; warning
    @(118.5000 mm, 88.0000 mm): Footprint C2
[lib_footprint_issues]: The current configuration does not include the footprint library 'Capacitor_SMD'
    Local override; warning
    @(118.5000 mm, 89.0000 mm): Footprint C3
[lib_footprint_issues]: The current configuration does not include the footprint library 'Resistor_SMD'
    Local override; warning
    @(97.5000 mm, 96.5000 mm): Footprint R5
[lib_footprint_issues]: The current configuration does not include the footprint library 'Diode_SMD'
    Local override; warning
    @(89.0270 mm, 89.9856 mm): Footprint D6
[lib_footprint_issues]: The current configuration does not include the footprint library 'Capacitor_SMD'
    Local override; warning
    @(113.0000 mm, 96.0000 mm): Footprint C20
[silk_edge_clearance]: Silkscreen clipped by board edge
    Rule: board setup constraints silk; warning
    @(132.5000 mm, 102.5000 mm): Segment on Edge.Cuts
    @(102.6740 mm, 103.2638 mm): Segment of J2 on F.Silkscreen
[silk_edge_clearance]: Silkscreen clipped by board edge
    Rule: board setup constraints silk; warning
    @(132.5000 mm, 102.5000 mm): Segment on Edge.Cuts
    @(108.8740 mm, 102.0638 mm): Segment of J2 on F.Silkscreen
[silk_edge_clearance]: Silkscreen clipped by board edge
    Rule: board setup constraints silk; warning
    @(113.0046 mm, 81.2500 mm): Circle on Edge.Cuts
    @(112.9778 mm, 81.6102 mm): Reference field of J3
[silk_edge_clearance]: Silkscreen clipped by board edge
    Rule: board setup constraints silk; warning
    @(79.0702 mm, 79.0000 mm): Segment on Edge.Cuts
    @(114.3924 mm, 78.7076 mm): Reference field of C19
[silk_edge_clearance]: Silkscreen clipped by board edge
    Rule: board setup constraints silk; warning
    @(113.0046 mm, 81.2500 mm): Circle on Edge.Cuts
    @(114.3924 mm, 86.2076 mm): Circle of C19 on F.Silkscreen
[silk_edge_clearance]: Silkscreen clipped by board edge
    Rule: board setup constraints silk; warning
    @(79.0702 mm, 79.0000 mm): Segment on Edge.Cuts
    @(98.6840 mm, 79.9328 mm): Segment of J1 on F.Silkscreen
[silk_edge_clearance]: Silkscreen clipped by board edge
    Rule: board setup constraints silk; warning
    @(132.5000 mm, 102.5000 mm): Segment on Edge.Cuts
    @(98.6840 mm, 102.8528 mm): Segment of J1 on F.Silkscreen
[silk_edge_clearance]: Silkscreen clipped by board edge
    Rule: board setup constraints silk; warning
    @(132.5000 mm, 102.5000 mm): Segment on Edge.Cuts
    @(129.5380 mm, 102.6684 mm): Reference field of R1

** Found 0 unconnected pads **

** Found 0 Footprint errors **

** Ignored checks **
    - Courtyards overlap
    - Footprint has no courtyard defined
    - Track endpoint not centered on via
    - Tuning profile track geometries
    - Footprint doesn't match symbol's footprint filters
    - Footprint component type doesn't match footprint pads

** End of Report **
